/* layer: typography */
[custom=''] :where(h1, h2, h3, h4, h5, h6):not(.not-custom) {
  color: var(--uno-prose-headings);
  font-weight: 600;
  line-height: 1.25;
}
[custom=''] :where(a):not(.not-custom) {
  color: var(--uno-prose-links);
  text-decoration: underline;
  font-weight: 500;
}
[custom=''] :where(a code):not(.not-custom) {
  color: var(--uno-prose-links);
}
[custom=''] :where(p, ul, ol, pre):not(.not-custom) {
  margin: 1em 0;
  line-height: 1.75;
}
[custom=''] :where(blockquote):not(.not-custom) {
  margin: 1em 0;
  padding-left: 1em;
  font-style: italic;
  border-left: 0.25em solid var(--uno-prose-borders);
}
[custom=''] :where(h1):not(.not-custom) {
  margin: 1rem 0;
  font-size: 2.25em;
}
[custom=''] :where(h2):not(.not-custom) {
  margin: 1.75em 0 0.5em;
  font-size: 1.75em;
}
[custom=''] :where(h3):not(.not-custom) {
  margin: 1.5em 0 0.5em;
  font-size: 1.375em;
}
[custom=''] :where(h4):not(.not-custom) {
  margin: 1em 0;
  font-size: 1.125em;
}
[custom=''] :where(img, video):not(.not-custom) {
  max-width: 100%;
}
[custom=''] :where(figure, picture):not(.not-custom) {
  margin: 1em 0;
}
[custom=''] :where(figcaption):not(.not-custom) {
  color: var(--uno-prose-captions);
  font-size: 0.875em;
}
[custom=''] :where(code):not(.not-custom) {
  color: var(--uno-prose-code);
  font-size: 0.875em;
  font-weight: 600;
  font-family: ui-monospace, SFMono-Regular, Menlo, Monaco, Consolas,
    Liberation-Mono, Courier-New, monospace;
}
[custom=''] :where(:not(pre) > code):not(.not-custom)::before,
[custom=''] :where(:not(pre) > code):not(.not-custom)::after {
  content: '`';
}
[custom=''] :where(pre):not(.not-custom) {
  padding: 1.25rem 1.5rem;
  overflow-x: auto;
  border-radius: 0.375rem;
}
[custom=''] :where(pre, code):not(.not-custom) {
  white-space: pre;
  word-spacing: normal;
  word-break: normal;
  word-wrap: normal;
  -moz-tab-size: 4;
  -o-tab-size: 4;
  tab-size: 4;
  -webkit-hyphens: none;
  -moz-hyphens: none;
  hyphens: none;
  background: transparent;
}
[custom=''] :where(pre code):not(.not-custom) {
  font-weight: inherit;
}
[custom=''] :where(ol, ul):not(.not-custom) {
  padding-left: 1.25em;
}
[custom=''] :where(ul):not(.not-custom) {
  list-style-type: disc;
}
[custom=''] :where(ol > li):not(.not-custom)::marker,
[custom=''] :where(ul > li):not(.not-custom)::marker,
[custom=''] :where(summary):not(.not-custom)::marker {
  color: var(--uno-prose-lists);
}
[custom=''] :where(hr):not(.not-custom) {
  margin: 2em 0;
  border: 1px solid var(--uno-prose-hr);
}
[custom=''] :where(table):not(.not-custom) {
  display: block;
  margin: 1em 0;
  border-collapse: collapse;
  overflow-x: auto;
}
[custom=''] :where(tr):not(.not-custom):nth-child(2n) {
  background: var(--uno-prose-bg-soft);
}
[custom=''] :where(td, th):not(.not-custom) {
  border: 1px solid var(--uno-prose-borders);
  padding: 0.625em 1em;
}
[custom=''] :where(abbr):not(.not-custom) {
  cursor: help;
}
[custom=''] :where(kbd):not(.not-custom) {
  color: var(--uno-prose-code);
  border: 1px solid;
  padding: 0.25rem 0.5rem;
  font-size: 0.875em;
  border-radius: 0.25rem;
}
[custom=''] :where(details):not(.not-custom) {
  margin: 1em 0;
  padding: 1.25rem 1.5rem;
  background: var(--uno-prose-bg-soft);
}
[custom=''] :where(summary):not(.not-custom) {
  cursor: pointer;
  font-weight: 600;
}
.custom,
[custom=''] {
  color: var(--uno-prose-body);
  max-width: 65ch;
}
.custom-teal,
[custom-teal=''] {
  --uno-prose-body: #0f766e;
  --uno-prose-headings: #134e4a;
  --uno-prose-links: #134e4a;
  --uno-prose-lists: #2dd4bf;
  --uno-prose-hr: #99f6e4;
  --uno-prose-captions: #14b8a6;
  --uno-prose-code: #134e4a;
  --uno-prose-borders: #99f6e4;
  --uno-prose-bg-soft: #ccfbf1;
  --uno-prose-invert-body: #99f6e4;
  --uno-prose-invert-headings: #ccfbf1;
  --uno-prose-invert-links: #ccfbf1;
  --uno-prose-invert-lists: #14b8a6;
  --uno-prose-invert-hr: #0f766e;
  --uno-prose-invert-captions: #2dd4bf;
  --uno-prose-invert-code: #ccfbf1;
  --uno-prose-invert-borders: #0f766e;
  --uno-prose-invert-bg-soft: #115e59;
}
.custom-invert,
.dark [dark~='custom-invert'] {
  --uno-prose-body: var(--uno-prose-invert-body);
  --uno-prose-headings: var(--uno-prose-invert-headings);
  --uno-prose-links: var(--uno-prose-invert-links);
  --uno-prose-lists: var(--uno-prose-invert-lists);
  --uno-prose-hr: var(--uno-prose-invert-hr);
  --uno-prose-captions: var(--uno-prose-invert-captions);
  --uno-prose-code: var(--uno-prose-invert-code);
  --uno-prose-borders: var(--uno-prose-invert-borders);
  --uno-prose-bg-soft: var(--uno-prose-invert-bg-soft);
}
/* layer: default */
.text-base,
[text-base=''] {
  font-size: 1rem;
  line-height: 1.5rem;
}
